.next/types/validator.ts(143,39): error TS2307: Cannot find module '../../src/app/projects/spirit-vein/page.js' or its corresponding type declarations.
